<?xml version="1.0" encoding="utf-8"?><testsuites name="pytest tests"><testsuite name="pytest" errors="0" failures="0" skipped="0" tests="58" time="110.485" timestamp="2026-09-18T01:31:05.654074+05:30" hostname="Satyaaa"><testcase classname="tests.test_boot" name="test_qemu_arm64_virt_baseline_starts_and_exits_cleanly" time="0.017" /><testcase classname="tests.test_boot" name="test_firmware_boots_to_userspace" time="4.379" /><testcase classname="tests.test_boot" name="test_boot_stage_order_is_chronological" time="4.361" /><testcase classname="tests.test_boot" name="test_normal_boot_contract_passes_on_real_boot" time="4.286" /><testcase classname="tests.test_boot" name="test_run_directory_captures_full_evidence" time="4.558" /><testcase classname="tests.test_contracts" name="test_contract_passes_for_healthy_ordered_boot" time="0.000" /><testcase classname="tests.test_contracts" name="test_contract_fails_when_required_stage_missing" time="0.000" /><testcase classname="tests.test_contracts" name="test_contract_fails_when_order_violated" time="0.000" /><testcase classname="tests.test_contracts" name="test_contract_fails_when_timeout_budget_exceeded" time="0.000" /><testcase classname="tests.test_contracts" name="test_contract_human_report_shows_pass_and_fail_tags" time="0.000" /><testcase classname="tests.test_dtb" name="test_valid_dtb_passes_all_checks" time="0.003" /><testcase classname="tests.test_dtb" name="test_missing_memory_node_detected" time="0.003" /><testcase classname="tests.test_dtb" name="test_cpu_count_mismatch_detected" time="0.003" /><testcase classname="tests.test_dtb" name="test_missing_dtb_file_reported_cleanly" time="0.002" /><testcase classname="tests.test_faults" name="test_corrupt_image_fault_is_detected" time="0.009" /><testcase classname="tests.test_faults" name="test_invalid_dtb_fault_is_detected" time="0.003" /><testcase classname="tests.test_faults" name="test_missing_dtb_fault_is_detected" time="0.002" /><testcase classname="tests.test_faults" name="test_invalid_bootargs_fault_is_classified_configuration_failure" time="25.012" /><testcase classname="tests.test_handoff" name="test_handoff_passes_within_budget" time="0.000" /><testcase classname="tests.test_handoff" name="test_handoff_fails_when_destination_exceeds_budget" time="0.000" /><testcase classname="tests.test_handoff" name="test_handoff_timeout_when_destination_never_seen" time="0.000" /><testcase classname="tests.test_handoff" name="test_handoff_source_never_seen_is_not_validatable" time="0.000" /><testcase classname="tests.test_images" name="test_manifest_roundtrip_and_valid_image_passes" time="0.001" /><testcase classname="tests.test_images" name="test_corrupted_image_fails_hash_check" time="0.001" /><testcase classname="tests.test_images" name="test_truncated_image_fails_size_and_hash_check" time="0.001" /><testcase classname="tests.test_images" name="test_missing_image_reported" time="0.001" /><testcase classname="tests.test_memory" name="test_valid_non_overlapping_regions_pass" time="0.000" /><testcase classname="tests.test_memory" name="test_overlapping_regions_detected" time="0.000" /><testcase classname="tests.test_memory" name="test_out_of_range_region_detected" time="0.000" /><testcase classname="tests.test_memory" name="test_misaligned_region_detected" time="0.000" /><testcase classname="tests.test_memory" name="test_region_end_and_overlap_helper" time="0.000" /><testcase classname="tests.test_performance" name="test_boot_performance_report_over_multiple_iterations" time="13.775" /><testcase classname="tests.test_psci" name="test_system_off_terminates_qemu_without_forced_timeout" time="4.440" /><testcase classname="tests.test_psci" name="test_el3_exit_spsr_is_observed" time="4.557" /><testcase classname="tests.test_smp" name="test_smp_configuration_boots_to_userspace[1]" time="3.861" /><testcase classname="tests.test_smp" name="test_smp_configuration_boots_to_userspace[2]" time="4.069" /><testcase classname="tests.test_smp" name="test_smp_configuration_boots_to_userspace[4]" time="4.405" /><testcase classname="tests.test_smp" name="test_smp_configuration_boots_to_userspace[8]" time="5.813" /><testcase classname="tests.test_smp" name="test_secondary_cpus_report_boot[2]" time="4.048" /><testcase classname="tests.test_smp" name="test_secondary_cpus_report_boot[4]" time="4.330" /><testcase classname="tests.test_smp" name="test_secondary_cpus_report_boot[8]" time="5.423" /><testcase classname="tests.test_stages" name="test_parse_line_matches_known_markers[NOTICE:  BL1: v2.15.0(release):v2.15.0-BL1_ENTRY-BL1]" time="0.001" /><testcase classname="tests.test_stages" name="test_parse_line_matches_known_markers[NOTICE:  BL2: v2.15.0(release):v2.15.0-BL2_ENTRY-BL2]" time="0.000" /><testcase classname="tests.test_stages" name="test_parse_line_matches_known_markers[NOTICE:  BL31: v2.15.0(release):v2.15.0-BL31_ENTRY-BL31]" time="0.000" /><testcase classname="tests.test_stages" name="test_parse_line_matches_known_markers[INFO:    BL31: Preparing for EL3 exit to normal world-BL31_INIT_COMPLETE-BL31]" time="0.000" /><testcase classname="tests.test_stages" name="test_parse_line_matches_known_markers[U-Boot 2026.07 (Sep 18 2026 - 00:00:00 +0000)-BL33_ENTRY-BL33]" time="0.000" /><testcase classname="tests.test_stages" name="test_parse_line_matches_known_markers[   Booting using the fdt blob at 0x40000000-DTB_LOADED-BL33]" time="0.000" /><testcase classname="tests.test_stages" name="test_parse_line_matches_known_markers[Booting Linux on physical CPU 0x0000000000 [0x410fd083]-KERNEL_ENTRY-KERNEL]" time="0.000" /><testcase classname="tests.test_stages" name="test_parse_line_matches_known_markers[Linux version 6.12.0 (build@bootx)-LINUX_VERSION-KERNEL]" time="0.000" /><testcase classname="tests.test_stages" name="test_parse_line_matches_known_markers[CPU1: Booted secondary processor 0x0000000001 [0x410fd083]-CPU_ON-KERNEL]" time="0.000" /><testcase classname="tests.test_stages" name="test_parse_line_matches_known_markers[BOOTX_USERSPACE_READY-USERSPACE_READY-USERSPACE]" time="0.000" /><testcase classname="tests.test_stages" name="test_parse_line_matches_known_markers[Kernel panic - not syncing: Attempted to kill init!-KERNEL_PANIC-KERNEL]" time="0.000" /><testcase classname="tests.test_stages" name="test_parse_line_no_match_returns_none" time="0.000" /><testcase classname="tests.test_stages" name="test_cpu_on_extracts_cpu_number" time="0.000" /><testcase classname="tests.test_stages" name="test_parse_timestamped_lines_synthesizes_boot_start_and_complete" time="0.000" /><testcase classname="tests.test_stages" name="test_parse_timestamped_lines_no_completion_event_without_userspace_ready" time="0.000" /><testcase classname="tests.test_timeout" name="test_timeout_fault_triggers_and_is_classified" time="8.013" /><testcase classname="tests.test_timeout" name="test_qemu_process_is_not_orphaned_after_timeout" time="5.008" /></testsuite></testsuites>